src/pages/ReversalWorkflow.tsx(7,13): error TS6133: 'Building2' is declared but its value is never read.
src/pages/ReversalWorkflow.tsx(7,24): error TS6133: 'RefreshCw' is declared but its value is never read.
src/pages/ReversalWorkflow.tsx(7,56): error TS6133: 'X' is declared but its value is never read.
src/pages/ReversalWorkflow.tsx(219,9): error TS6133: 'previewEntries' is declared but its value is never read.
src/pages/Settings.tsx(4,3): error TS6133: 'Info' is declared but its value is never read.
src/pages/Settings.tsx(5,3): error TS6133: 'QrCode' is declared but its value is never read.
src/pages/Settings.tsx(12,3): error TS6133: 'Save' is declared but its value is never read.
src/pages/Settings.tsx(13,3): error TS6133: 'Check' is declared but its value is never read.
src/pages/Settings.tsx(14,3): error TS6133: 'Plus' is declared but its value is never read.
src/pages/Settings.tsx(15,3): error TS6133: 'MoreVertical' is declared but its value is never read.
src/pages/Settings.tsx(16,3): error TS6133: 'Mail' is declared but its value is never read.
src/pages/Settings.tsx(18,3): error TS6133: 'ArrowLeft' is declared but its value is never read.
src/pages/Settings.tsx(22,1): error TS6192: All imports in import declaration are unused.
src/pages/Settings.tsx(23,15): error TS6133: 'ApiClientError' is declared but its value is never read.
src/pages/Settings.tsx(31,10): error TS6133: 'showInviteModal' is declared but its value is never read.
src/pages/Settings.tsx(32,10): error TS6133: 'saveSuccess' is declared but its value is never read.
src/pages/Settings.tsx(37,9): error TS6133: 'currentCompanyName' is declared but its value is never read.
src/pages/Settings.tsx(57,22): error TS6133: 'setInviteData' is declared but its value is never read.
src/pages/Settings.tsx(64,10): error TS6133: 'inviteCompanies' is declared but its value is never read.
src/pages/Settings.tsx(64,27): error TS6133: 'setInviteCompanies' is declared but its value is never read.
src/pages/Settings.tsx(65,10): error TS6133: 'inviteCompaniesLoading' is declared but its value is never read.
src/pages/Settings.tsx(65,34): error TS6133: 'setInviteCompaniesLoading' is declared but its value is never read.
src/pages/Settings.tsx(66,10): error TS6133: 'inviteError' is declared but its value is never read.
src/pages/Settings.tsx(66,23): error TS6133: 'setInviteError' is declared but its value is never read.
src/pages/Settings.tsx(67,10): error TS6133: 'usersList' is declared but its value is never read.
src/pages/Settings.tsx(67,21): error TS6133: 'setUsersList' is declared but its value is never read.
src/pages/Settings.tsx(68,10): error TS6133: 'usersListLoading' is declared but its value is never read.
src/pages/Settings.tsx(68,28): error TS6133: 'setUsersListLoading' is declared but its value is never read.
src/pages/Settings.tsx(70,10): error TS6133: 'preferences' is declared but its value is never read.
src/pages/Settings.tsx(85,10): error TS6133: 'companySettings' is declared but its value is never read.
src/pages/Settings.tsx(85,27): error TS6133: 'setCompanySettings' is declared but its value is never read.
src/pages/Settings.tsx(91,10): error TS6133: 'companySettingsLoading' is declared but its value is never read.
src/pages/Settings.tsx(91,34): error TS6133: 'setCompanySettingsLoading' is declared but its value is never read.
src/pages/Settings.tsx(192,9): error TS6133: 'handleInvite' is declared but its value is never read.
